---
source: tests/cli.rs
expression: "String::from_utf8_lossy(&out.stdout)"
---
Search for datasets from the terminal

Usage: dataseek [OPTIONS] <COMMAND>

Commands:
  search      Search every source at once, merged and deduplicated [alias: s]
  sources     List every source: what it covers, its protocol, its key, its docs
  bench       Time every source on real queries and measure their overlap
  cache       Show, warm or clear the cache
  doctor      Check the environment, keys and cache, and report readiness
  completion  Print a shell completion script to stdout
  man         Print the man page, in roff, to stdout

Options:
  -q, --quiet
          Errors and final result only

  -v, --verbose...
          Explain what is happening on stderr

      --json
          Emit JSON to stdout instead of text

      --color <WHEN>
          When to colorize output: auto, always, or never

          Possible values:
          - auto:   Color when stdout is a terminal and NO_COLOR is unset
          - always: Always color, even through a pipe (for `| less -R`)
          - never:  Never color
          
          [default: auto]

      --no-color
          Disable ANSI colors; shorthand for --color=never (or set NO_COLOR)

      --plain
          ASCII-only output; implies --color=never

  -h, --help
          Print help (see a summary with '-h')

  -V, --version
          Print version

Examples:
  dataseek search sea surface temperature
  dataseek search imagenet -s huggingface,kaggle --json | jq '.results[0]'
  dataseek sources
  dataseek bench "air quality" "gene expression"

dsk is the same program under a shorter name: dsk search mnist
